[certcpv2024.ine.gob.bo/verificar_certificado/pQ3eriiXU5nA53QW.html]
[backblue.gif]
[fade.gif]
[index.html]
[certcpv2024.ine.gob.bo/assets/img/branding/logo.png]
[certcpv2024.ine.gob.bo/assets/img/favicon/favicon.png]
[certcpv2024.ine.gob.bo/assets/vendor/libs/node-waves/node-waves23cd.css]
[certcpv2024.ine.gob.bo/assets/vendor/fonts/materialdesignicons23cd.css]
[certcpv2024.ine.gob.bo/assets/vendor/css/rtl/core23cd.css]
[certcpv2024.ine.gob.bo/assets/vendor/css/rtl/theme-semi-dark23cd.css]
[certcpv2024.ine.gob.bo/assets/css/base23cd.css]
[certcpv2024.ine.gob.bo/assets/vendor/css/pages/front-page23cd.css]
[certcpv2024.ine.gob.bo/assets/vendor/libs/nouislider/nouislider23cd.css]
[certcpv2024.ine.gob.bo/assets/vendor/libs/swiper/swiper23cd.css]
[certcpv2024.ine.gob.bo/assets/vendor/libs/toastr/toastr.min23cd.css]
[certcpv2024.ine.gob.bo/assets/vendor/libs/perfect-scrollbar/perfect-scrollbar23cd.css]
[certcpv2024.ine.gob.bo/assets/vendor/libs/typeahead-js/typeahead23cd.css]
[certcpv2024.ine.gob.bo/assets/vendor/libs/spinkit/spinkit23cd.css]
[certcpv2024.ine.gob.bo/assets/vendor/libs/animate-css/animate23cd.css]
[certcpv2024.ine.gob.bo/assets/vendor/libs/@form-validation/umd/styles/index.min23cd.css]
[certcpv2024.ine.gob.bo/assets/vendor/css/pages/front-page-landing23cd.css]
[certcpv2024.ine.gob.bo/assets/css/registro/verificar_certificado23cd.css]
[certcpv2024.ine.gob.bo/assets/vendor/js/helpers23cd.js]
[certcpv2024.ine.gob.bo/assets/js/front-config23cd.js]
[certcpv2024.ine.gob.bo/assets/vendor/js/dropdown-hover23cd.js]
[certcpv2024.ine.gob.bo/assets/vendor/js/mega-dropdown23cd.js]
[certcpv2024.ine.gob.bo/assets/img/branding/censo-bolivia-2024-light.png]
[certcpv2024.ine.gob.bo/assets/img/branding/cabeceracenso.jpg]
[certcpv2024.ine.gob.bo/assets/vendor/libs/popper/popper23cd.js]
[certcpv2024.ine.gob.bo/assets/vendor/libs/jquery/jquery23cd.js]
[certcpv2024.ine.gob.bo/assets/vendor/js/bootstrap23cd.js]
[certcpv2024.ine.gob.bo/assets/vendor/libs/node-waves/node-waves23cd.js]
[certcpv2024.ine.gob.bo/assets/vendor/libs/toastr/toastr.min23cd.js]
[certcpv2024.ine.gob.bo/assets/vendor/libs/perfect-scrollbar/perfect-scrollbar23cd.js]
[certcpv2024.ine.gob.bo/assets/vendor/libs/hammer/hammer23cd.js]
[certcpv2024.ine.gob.bo/assets/vendor/libs/typeahead-js/typeahead23cd.js]
[certcpv2024.ine.gob.bo/assets/vendor/libs/nouislider/nouislider23cd.js]
[certcpv2024.ine.gob.bo/assets/vendor/libs/swiper/swiper23cd.js]
[certcpv2024.ine.gob.bo/assets/vendor/libs/@form-validation/umd/bundle/popular.min23cd.js]
[certcpv2024.ine.gob.bo/assets/vendor/libs/@form-validation/umd/plugin-j/index.min23cd.js]
[certcpv2024.ine.gob.bo/assets/vendor/libs/@form-validation/umd/plugin-bootstrap5/index.min23cd.js]
[certcpv2024.ine.gob.bo/assets/vendor/libs/@form-validation/umd/plugin-auto-focus/index.min23cd.js]
[certcpv2024.ine.gob.bo/assets/vendor/libs/block-ui/block-ui23cd.js]
[certcpv2024.ine.gob.bo/assets/js/front-main23cd.js]
[certcpv2024.ine.gob.bo/assets/js/front-page-landing23cd.js]
[certcpv2024.ine.gob.bo/assets/js/registro/verificar_certificado.js]
[certcpv2024.ine.gob.bo/verificar_certificado/pQ3eriiXU5nA53QW.html]
[certcpv2024.ine.gob.bo/assets/vendor/fonts/materialdesignicons/materialdesignicons-webfont9445.eot]
[certcpv2024.ine.gob.bo/assets/vendor/fonts/materialdesignicons/materialdesignicons-webfontd41d.eot]
[certcpv2024.ine.gob.bo/assets/vendor/fonts/materialdesignicons/materialdesignicons-webfont9445.woff2]
[certcpv2024.ine.gob.bo/assets/vendor/fonts/materialdesignicons/materialdesignicons-webfont9445.woff]
[certcpv2024.ine.gob.bo/assets/vendor/fonts/materialdesignicons/materialdesignicons-webfont9445.ttf]
[certcpv2024.ine.gob.bo/assets/vendor/fonts/materialdesignicons23cd.css]
[certcpv2024.ine.gob.bo/assets/vendor/libs/node-waves/node-waves23cd.css]
[certcpv2024.ine.gob.bo/assets/vendor/css/rtl/core23cd.css]
[certcpv2024.ine.gob.bo/assets/vendor/css/rtl/theme-semi-dark23cd.css]
[certcpv2024.ine.gob.bo/assets/css/base23cd.css]
[certcpv2024.ine.gob.bo/assets/img/favicon/bg-left-icon.png]
[certcpv2024.ine.gob.bo/assets/img/favicon/bg-right-icon.png]
[certcpv2024.ine.gob.bo/assets/img/favicon/bg-left-dark-icon.png]
[certcpv2024.ine.gob.bo/assets/img/favicon/bg-right-dark-icon.png]
[certcpv2024.ine.gob.bo/assets/vendor/css/pages/front-page23cd.css]
[certcpv2024.ine.gob.bo/assets/vendor/libs/nouislider/nouislider23cd.css]
[certcpv2024.ine.gob.bo/assets/vendor/libs/swiper/swiper23cd.css]
[certcpv2024.ine.gob.bo/assets/vendor/libs/toastr/toastr.min23cd.css]
[certcpv2024.ine.gob.bo/assets/vendor/libs/perfect-scrollbar/perfect-scrollbar23cd.css]
[certcpv2024.ine.gob.bo/assets/vendor/libs/typeahead-js/typeahead23cd.css]
[certcpv2024.ine.gob.bo/assets/vendor/libs/spinkit/spinkit23cd.css]
[certcpv2024.ine.gob.bo/assets/vendor/libs/animate-css/animate23cd.css]
[certcpv2024.ine.gob.bo/assets/vendor/libs/@form-validation/umd/styles/index.min23cd.css]
[certcpv2024.ine.gob.bo/assets/vendor/css/pages/front-page-landing23cd.css]
[certcpv2024.ine.gob.bo/assets/css/registro/verificar_certificado23cd.css]
[certcpv2024.ine.gob.bo/assets/img/front-pages/backgrounds/footer-bg.html]
[certcpv2024.ine.gob.bo/assets/img/front-pages/backgrounds/cta-bg.html]
[certcpv2024.ine.gob.bo/assets/img/front-pages/backgrounds/hero-bg.html]
[certcpv2024.ine.gob.bo/assets/img/front-pages/backgrounds/hero-bg-dark.html]
